// Jest Snapshot v1, https://goo.gl/fbAQLP

exports[`CounterLabel with default props should match snapshot 1`] = `"<input placeholder=\\"Counter\\" value=\\"\\" class=\\"CounterLabel\\">"`;
