// Jest Snapshot v1, https://goo.gl/fbAQLP

exports[`AddCounter with default props should match snapshot 1`] = `
"<button undefined=\\"undefined\\" class=\\"AddCounter\\">
      +
    </button>"
`;
